// Jest Snapshot v1, https://goo.gl/fbAQLP

exports[`some basics shall matches snapshot 1`] = `
<div>
  <h1>
     Hello world
  </h1>
  <input
    type="checkbox"
  />
  <button
    onClick={[Function]}
  >
     try this
  </button>
</div>
`;
